// Vitest Snapshot v1, https://vitest.dev/guide/snapshot.html

exports[`HomePage component > matches the snapshot 1`] = `
<DocumentFragment>
  <div>
    Error loading component
  </div>
</DocumentFragment>
`;
